1. report faild
2. defect 1.0 - test passed

